// Vitest Snapshot v1, https://vitest.dev/guide/snapshot.html

exports[`full-scan characterization (Run 1 — D4) > full scan on bench-repo fixture: locked output shape 1`] = `
{
  "component_count": 31,
  "components_by_type": {
    "component": 7,
    "config": 8,
    "cron": 2,
    "database": 6,
    "framework": 1,
    "infra": 2,
    "queue": 3,
    "service": 2,
  },
  "connection_count": 35,
  "connection_fingerprints_sample": [
    "api-calls-db::app/api/cron/daily-digest/route.ts::prisma.post",
    "api-calls-db::src/db.ts::prisma.post",
    "api-calls-db::src/db.ts::prisma.session",
    "api-calls-db::src/db.ts::prisma.tag",
    "api-calls-db::src/db.ts::prisma.user",
    "api-calls-db::src/queue.ts::prisma.post",
    "cron-triggers::vercel.json::/api/cron/daily-digest",
    "cron-triggers::vercel.json::/api/cron/session-sweep",
    "env-dependency::src/llm.ts::process.env.ANTHROPIC_API_KEY",
    "env-dependency::src/llm.ts::process.env.OPENAI_API_KEY",
    "imports::app/api/cron/daily-digest/route.ts::../../../../src/db.js",
    "imports::app/api/cron/daily-digest/route.ts::../../../../src/llm.js",
    "imports::app/api/cron/session-sweep/route.ts::../../../../src/db.js",
    "imports::app/api/posts/route.ts::../../../src/db.js",
    "imports::app/api/posts/route.ts::../../../src/llm.js",
    "imports::app/api/posts/route.ts::../../../src/queue.js",
    "imports::app/api/summarize/route.ts::../../../src/llm.js",
    "imports::src/queue.ts::./db.js",
    "imports::src/queue.ts::./llm.js",
    "queue-consumes::src/queue.ts::emailWorker",
    "queue-consumes::src/queue.ts::summarizationWorker",
    "queue-produces::src/queue.ts::emailQueue",
    "queue-produces::src/queue.ts::summarizationQueue",
    "schema-relation::prisma/schema.prisma::ApiKey.user",
    "schema-relation::prisma/schema.prisma::Post.author",
    "schema-relation::prisma/schema.prisma::Session.user",
    "schema-relation::prisma/schema.prisma::User.apiKey",
    "uses-package::app/api/cron/daily-digest/route.ts::next",
    "uses-package::app/api/cron/session-sweep/route.ts::next",
    "uses-package::app/api/posts/route.ts::next",
  ],
  "connections_by_type": {
    "api-calls-db": 6,
    "cron-triggers": 2,
    "env-dependency": 2,
    "imports": 9,
    "queue-consumes": 2,
    "queue-produces": 2,
    "schema-relation": 4,
    "uses-package": 8,
  },
  "stable_ids_sample": [
    "STABLE_component_app-api-cron-daily-digest-route.ts__api-cron-daily-digest-route",
    "STABLE_component_app-api-cron-session-sweep-route.ts__api-cron-session-sweep-route",
    "STABLE_component_app-api-posts-route.ts__api-posts-route",
    "STABLE_component_app-api-summarize-route.ts__api-summarize-route",
    "STABLE_component_src-db.ts__db",
    "STABLE_component_src-llm.ts__llm",
    "STABLE_component_src-queue.ts__queue",
    "STABLE_config_anthropic_api_key",
    "STABLE_config_database_url",
    "STABLE_config_nextauth_secret",
    "STABLE_config_nextauth_url",
    "STABLE_config_openai_api_key",
    "STABLE_config_redis_url",
    "STABLE_config_sentry_dsn",
    "STABLE_config_stripe_secret_key",
    "STABLE_cron_vercel.json__api-cron-daily-digest",
    "STABLE_cron_vercel.json__api-cron-session-sweep",
    "STABLE_database_apikey",
    "STABLE_database_post",
    "STABLE_database_prisma-client",
  ],
  "warnings_count": 0,
}
`;

exports[`scanner characterization (Wave 2 T9) > import-scanner: stable on bench-repo fixture 1`] = `
{
  "component_count": 7,
  "components_by_type": {
    "component": 7,
  },
  "connection_count": 9,
  "connections_by_type": {
    "imports": 9,
  },
  "label": "import-scanner",
  "sample_components": [
    {
      "connected_from": [],
      "connects_to": [],
      "metadata": {
        "file": "app/api/cron/daily-digest/route.ts",
        "kind": "source-file",
      },
      "name": "api/cron/daily-digest/route",
      "role": {
        "critical": false,
        "layer": "backend",
        "purpose": "Internal module at app/api/cron/daily-digest/route.ts",
      },
      "source": {
        "confidence": 0.95,
        "config_files": [
          "app/api/cron/daily-digest/route.ts",
        ],
        "detection_method": "auto",
      },
      "status": "active",
      "tags": [
        "internal",
        "module",
      ],
      "type": "component",
    },
    {
      "connected_from": [],
      "connects_to": [],
      "metadata": {
        "file": "app/api/cron/session-sweep/route.ts",
        "kind": "source-file",
      },
      "name": "api/cron/session-sweep/route",
      "role": {
        "critical": false,
        "layer": "backend",
        "purpose": "Internal module at app/api/cron/session-sweep/route.ts",
      },
      "source": {
        "confidence": 0.95,
        "config_files": [
          "app/api/cron/session-sweep/route.ts",
        ],
        "detection_method": "auto",
      },
      "status": "active",
      "tags": [
        "internal",
        "module",
      ],
      "type": "component",
    },
    {
      "connected_from": [],
      "connects_to": [],
      "metadata": {
        "file": "app/api/posts/route.ts",
        "kind": "source-file",
      },
      "name": "api/posts/route",
      "role": {
        "critical": false,
        "layer": "backend",
        "purpose": "Internal module at app/api/posts/route.ts",
      },
      "source": {
        "confidence": 0.95,
        "config_files": [
          "app/api/posts/route.ts",
        ],
        "detection_method": "auto",
      },
      "status": "active",
      "tags": [
        "internal",
        "module",
      ],
      "type": "component",
    },
    {
      "connected_from": [],
      "connects_to": [],
      "metadata": {
        "file": "app/api/summarize/route.ts",
        "kind": "source-file",
      },
      "name": "api/summarize/route",
      "role": {
        "critical": false,
        "layer": "backend",
        "purpose": "Internal module at app/api/summarize/route.ts",
      },
      "source": {
        "confidence": 0.95,
        "config_files": [
          "app/api/summarize/route.ts",
        ],
        "detection_method": "auto",
      },
      "status": "active",
      "tags": [
        "internal",
        "module",
      ],
      "type": "component",
    },
    {
      "connected_from": [],
      "connects_to": [],
      "metadata": {
        "file": "src/db.ts",
        "kind": "source-file",
      },
      "name": "db",
      "role": {
        "critical": false,
        "layer": "backend",
        "purpose": "Internal module at src/db.ts",
      },
      "source": {
        "confidence": 0.95,
        "config_files": [
          "src/db.ts",
        ],
        "detection_method": "auto",
      },
      "status": "active",
      "tags": [
        "internal",
        "module",
      ],
      "type": "component",
    },
  ],
  "sample_connections": [
    {
      "code_reference": {
        "file": "app/api/cron/daily-digest/route.ts",
        "symbol": "../../../../src/db.js",
        "symbol_type": "import",
      },
      "confidence": 1,
      "connection_type": "imports",
      "detected_from": "import-scanner",
      "from_file": "app/api/cron/daily-digest/route.ts:2",
      "to": {},
    },
    {
      "code_reference": {
        "file": "app/api/cron/daily-digest/route.ts",
        "symbol": "../../../../src/llm.js",
        "symbol_type": "import",
      },
      "confidence": 1,
      "connection_type": "imports",
      "detected_from": "import-scanner",
      "from_file": "app/api/cron/daily-digest/route.ts:3",
      "to": {},
    },
    {
      "code_reference": {
        "file": "app/api/cron/session-sweep/route.ts",
        "symbol": "../../../../src/db.js",
        "symbol_type": "import",
      },
      "confidence": 1,
      "connection_type": "imports",
      "detected_from": "import-scanner",
      "from_file": "app/api/cron/session-sweep/route.ts:2",
      "to": {},
    },
    {
      "code_reference": {
        "file": "app/api/posts/route.ts",
        "symbol": "../../../src/db.js",
        "symbol_type": "import",
      },
      "confidence": 1,
      "connection_type": "imports",
      "detected_from": "import-scanner",
      "from_file": "app/api/posts/route.ts:2",
      "to": {},
    },
    {
      "code_reference": {
        "file": "app/api/posts/route.ts",
        "symbol": "../../../src/queue.js",
        "symbol_type": "import",
      },
      "confidence": 1,
      "connection_type": "imports",
      "detected_from": "import-scanner",
      "from_file": "app/api/posts/route.ts:3",
      "to": {},
    },
    {
      "code_reference": {
        "file": "app/api/posts/route.ts",
        "symbol": "../../../src/llm.js",
        "symbol_type": "import",
      },
      "confidence": 1,
      "connection_type": "imports",
      "detected_from": "import-scanner",
      "from_file": "app/api/posts/route.ts:4",
      "to": {},
    },
    {
      "code_reference": {
        "file": "app/api/summarize/route.ts",
        "symbol": "../../../src/llm.js",
        "symbol_type": "import",
      },
      "confidence": 1,
      "connection_type": "imports",
      "detected_from": "import-scanner",
      "from_file": "app/api/summarize/route.ts:2",
      "to": {},
    },
    {
      "code_reference": {
        "file": "src/queue.ts",
        "symbol": "./llm.js",
        "symbol_type": "import",
      },
      "confidence": 1,
      "connection_type": "imports",
      "detected_from": "import-scanner",
      "from_file": "src/queue.ts:2",
      "to": {},
    },
    {
      "code_reference": {
        "file": "src/queue.ts",
        "symbol": "./db.js",
        "symbol_type": "import",
      },
      "confidence": 1,
      "connection_type": "imports",
      "detected_from": "import-scanner",
      "from_file": "src/queue.ts:3",
      "to": {},
    },
  ],
}
`;

exports[`scanner characterization (Wave 2 T9) > llm-call-tracer: stable on bench-repo fixture 1`] = `
{
  "methods": {
    "unknown": 1,
  },
  "providers": {
    "anthropic": 1,
  },
  "sample_calls": [
    {
      "file": "src/llm.ts",
      "method": undefined,
      "name": "create",
      "provider_name": "anthropic",
    },
  ],
  "total_calls": 1,
}
`;

exports[`scanner characterization (Wave 2 T9) > service-calls: stable on bench-repo fixture 1`] = `
{
  "component_count": 0,
  "components_by_type": {},
  "connection_count": 0,
  "connections_by_type": {},
  "label": "service-calls",
  "sample_components": [],
  "sample_connections": [],
}
`;
